Mon Jun 20 06:51:45 UTC 2022
aws_api_gateway_api_key => json mismatch in expected json
aws_api_gateway_rest_api => json mismatch in expected json
aws_auditmanager_assessment
aws_auditmanager_control
aws_auditmanager_framework
aws_config_aggregate_authorization
aws_config_configuration_recorder
aws_config_conformance_pack
aws_dlm_lifecycle_policy
aws_ec2_target_group
aws_eks_addon
aws_eks_identity_provider_config
aws_elastic_beanstalk_application
aws_glue_dev_endpoint
aws_guardduty_detector
aws_guardduty_filter
aws_guardduty_finding
aws_guardduty_ipset
aws_guardduty_member
aws_guardduty_publishing_destination
aws_guardduty_threat_intel_set
aws_iam_access_advisor
aws_iam_account_summary
aws_iam_group
aws_iam_role
aws_iam_user
aws_identitystore_group
aws_identitystore_user
aws_kinesis_firehose_delivery_stream
aws_macie2_classification_job
aws_media_store_container
aws_organizations_account
aws_ram_principal_association
aws_ram_resource_association
aws_rds_db_instance
aws_rds_db_snapshot
aws_region
aws_route53_health_check
aws_route53_traffic_policy_instance
aws_s3_bucket
aws_sagemaker_app
aws_securityhub_action_target
aws_securityhub_hub
aws_securityhub_insight
aws_securityhub_member
aws_securityhub_product
aws_securityhub_standards_control
aws_securityhub_standards_subscription
aws_ssm_managed_instance
aws_ssm_managed_instance_compliance
aws_ssoadmin_instance
aws_ssoadmin_managed_policy_attachment
aws_ssoadmin_permission_set
aws_tagging_resource
aws_vpc_route
aws_vpc_route_table
aws_wafv2_rule_group
Mon Jun 20 17:03:57 UTC 2022
